// Jest Snapshot v1, https://goo.gl/fbAQLP

exports[`Home should render correctly 1`] = `
<DocumentFragment>
  <div>
    <h2
      style="margin-bottom: 2.5rem;"
    >
      Welcome to our page!
    </h2>
    <p>
      Math magicians is a website for all fans of mathematics. It is a project that brings together the magic of mathematics and the magic of coding.
    </p>
    <br />
    <p>
      Here, we believe that "Mathematics is not about numbers, equations, computations, or algorithms: it is about understanding". Join us now and be a part of the magical world of mathematics.
    </p>
  </div>
</DocumentFragment>
`;
